set name "Doing my best! ;)";
set author "Giuseppe Martino";
set maxtime 380;

put flintstone (2,1);
line empty (3,1)(10,1);
line steel (1,2)(10,2);
line steel (12,1)(12,10);
put wood (12,11);
line steel (1,3)(10,10);
put brick (11,10);
put flintstone (10,9);
put boulder (10,3);
put empty (11,4);
put emerald (2,3);
put boulder (3,4);
put wood (4,4);
line sapphire (1,4)(9,10);
line steel (1,12)(10,12);
line steel (10,13)(10,17);
put red_door (11,13);
line empty (11,14)(11,30);
line steel (12,14)(12,29);
put red_key (13,1);
line steel (12,13)(20,13);
line steel (15,11)(20,11);
line boulder (3,11)(10,11);
line empty (11,12)(20,12);
line steel (21,11)(21,13);
line steel (14,1)(14,11);
line steel (10,19)(10,31);
line peperon (9,20)(9,23);
line sapphire (9,24)(9,29);
put blue_key (9,30);
line steel (8,21)(8,31);
put steel (9,19);
line steel (6,17)(9,17);
line steel (6,18)(6,29);
line steel (4,17)(4,30);
put flintstone (6,19);
put brick (8,19);
put brick (8,20);
put blue_door (5,18);
put empty (5,17);
put boulder (4,16);
line steel (2,15)(8,15);
line steel (2,16)(3,29);
line steel (2,14)(8,14);
line sapphire (2,13)(8,13);
line emerald (1,15)(1,28);
line sapphire (3,18)(3,28);
put green_key (3,17);
put empty (13,2);
put yellow_door (14,2);
line steel (12,29)(29,29);
line empty (12,30)(29,29);
put green_door (29,30);
put empty (30,30);
line steel (14,27)(30,27);
line steel (13,25)(20,25);
line empty (13,26)(29,26);
line empty (13,24)(20,24);
line peperon (14,24)(20,24);
put boulder (13,24);
line steel (13,23)(21,23);
put flintstone (13,27);
put brick (21,26);
put brick (21,24);
put brick (20,24);
put flintstone (21,25);
rect empty (22,18)(7,8);
line steel (22,25)(29,25);
line steel (23,24)(29,24);
line steel (23,23)(29,23);
line steel (23,17)(30,17);
line brick (21,18)(21,22);
line flintstone (20,17)(20,22);
line brick (19,18)(19,22);
line steel (13,17)(19,17);
rect boulder (13,18)(3,5);
rect flintstone (16,18)(3,5);
line steel (29,18)(29,21);
put green_door (29,22);
line sapphire (30,18)(30,24);
put boulder (29,24);
line steel (21,15)(21,17);
put boulder (21,12);
line steel (23,1)(23,15);
line sapphire (15,16)(19,15);
line emerald (15,15)(19,15);
put flintstone (13,16);
put boulder (21,15);
rect boulder (24,1)(3,3);
rect sapphire (27,1)(3,3);
put grass (28,2);
put yellow_key (25,2);
put grass (26,2);
line steel (25,4)(29,4);
line steel (25,5)(25,15);
line boulder (27,6)(27,16);
line boulder (29,5)(29,15);
put steel (15,1);
line steel (15,3)(15,10);
line steel (17,9)(22,9);
put boulder (15,8);
line steel (16,7)(21,7);
line steel (17,5)(22,5);
put boulder (15,4);
line steel (16,3)(21,3);
line sapphire (16,1)(22,1);
line emerald (16,2)(21,2);
put boulder (15,1);
put boulder (15,2);



# start at 11,1
put player (11,1);
put exit (1,1);
save;
set minscore "auto";
