set name "Standard Level 4";
set author "Giuseppe D'Aqui'";
set maxtime 55;
put player (1,1);
put grass (1,2);
put grass (1,3);
put steel (1,4);
put boulder (1,5);
put boulder (1,6);
put boulder (1,7);
put boulder (1,8);
put boulder (1,9);
put boulder (1,10);
put boulder (1,11);
put boulder (1,12);
put boulder (1,13);
put boulder (1,14);
put boulder (1,15);
put boulder (1,16);
put boulder (1,17);
put boulder (1,18);
put boulder (1,19);
put boulder (1,20);
put boulder (1,21);
put boulder (1,22);
put boulder (1,23);
put boulder (1,24);
put boulder (1,25);
put boulder (1,26);
put boulder (1,27);
put boulder (1,28);
put boulder (1,29);
put boulder (1,30);
put grass (2,1);
put grass (2,2);
put grass (2,3);
put steel (2,4);
put boulder (2,5);
put boulder (2,6);
put boulder (2,7);
put boulder (2,8);
put boulder (2,9);
put boulder (2,10);
put boulder (2,11);
put boulder (2,12);
put boulder (2,13);
put boulder (2,14);
put boulder (2,15);
put boulder (2,16);
put boulder (2,17);
put boulder (2,18);
put boulder (2,19);
put boulder (2,20);
put boulder (2,21);
put boulder (2,22);
put boulder (2,23);
put boulder (2,24);
put boulder (2,25);
put boulder (2,26);
put boulder (2,27);
put boulder (2,28);
put boulder (2,29);
put boulder (2,30);
put grass (3,1);
put grass (3,2);
put grass (3,3);
put steel (3,4);
put boulder (3,5);
put boulder (3,6);
put boulder (3,7);
put boulder (3,8);
put boulder (3,9);
put boulder (3,10);
put boulder (3,11);
put boulder (3,12);
put boulder (3,13);
put boulder (3,14);
put boulder (3,15);
put boulder (3,16);
put boulder (3,17);
put boulder (3,18);
put boulder (3,19);
put boulder (3,20);
put boulder (3,21);
put boulder (3,22);
put boulder (3,23);
put boulder (3,24);
put boulder (3,25);
put boulder (3,26);
put boulder (3,27);
put boulder (3,28);
put boulder (3,29);
put boulder (3,30);
put boulder (4,1);
put emerald (4,2);
put boulder (4,3);
put boulder (4,4);
put boulder (4,5);
put boulder (4,6);
put boulder (4,7);
put boulder (4,8);
put boulder (4,9);
put boulder (4,10);
put boulder (4,11);
put boulder (4,12);
put boulder (4,13);
put boulder (4,14);
put boulder (4,15);
put emerald (4,16);
put emerald (4,17);
put emerald (4,18);
put emerald (4,19);
put emerald (4,20);
put emerald (4,21);
put boulder (4,22);
put boulder (4,23);
put boulder (4,24);
put boulder (4,25);
put boulder (4,26);
put boulder (4,27);
put boulder (4,28);
put boulder (4,29);
put boulder (4,30);
put boulder (5,1);
put emerald (5,2);
put boulder (5,3);
put boulder (5,4);
put boulder (5,5);
put boulder (5,6);
put boulder (5,7);
put boulder (5,8);
put boulder (5,9);
put boulder (5,10);
put boulder (5,11);
put boulder (5,12);
put boulder (5,13);
put boulder (5,14);
put boulder (5,15);
put emerald (5,16);
put steel (5,17);
put boulder (5,18);
put boulder (5,19);
put boulder (5,20);
put emerald (5,21);
put boulder (5,22);
put boulder (5,23);
put boulder (5,24);
put boulder (5,25);
put boulder (5,26);
put boulder (5,27);
put boulder (5,28);
put boulder (5,29);
put boulder (5,30);
put boulder (6,1);
put emerald (6,2);
put boulder (6,3);
put boulder (6,4);
put boulder (6,5);
put boulder (6,6);
put boulder (6,7);
put boulder (6,8);
put boulder (6,9);
put boulder (6,10);
put boulder (6,11);
put boulder (6,12);
put boulder (6,13);
put boulder (6,14);
put boulder (6,15);
put emerald (6,16);
put steel (6,17);
put boulder (6,18);
put boulder (6,19);
put boulder (6,20);
put emerald (6,21);
put boulder (6,22);
put boulder (6,23);
put boulder (6,24);
put boulder (6,25);
put boulder (6,26);
put boulder (6,27);
put boulder (6,28);
put boulder (6,29);
put boulder (6,30);
put boulder (7,1);
put emerald (7,2);
put boulder (7,3);
put boulder (7,4);
put boulder (7,5);
put boulder (7,6);
put boulder (7,7);
put boulder (7,8);
put emerald (7,9);
put emerald (7,10);
put emerald (7,11);
put emerald (7,12);
put emerald (7,13);
put emerald (7,14);
put emerald (7,15);
put emerald (7,16);
put boulder (7,17);
put boulder (7,18);
put boulder (7,19);
put boulder (7,20);
put emerald (7,21);
put boulder (7,22);
put boulder (7,23);
put boulder (7,24);
put boulder (7,25);
put boulder (7,26);
put boulder (7,27);
put boulder (7,28);
put boulder (7,29);
put boulder (7,30);
put boulder (8,1);
put emerald (8,2);
put boulder (8,3);
put boulder (8,4);
put boulder (8,5);
put boulder (8,6);
put boulder (8,7);
put boulder (8,8);
put emerald (8,9);
put steel (8,10);
put steel (8,11);
put steel (8,12);
put boulder (8,13);
put boulder (8,14);
put boulder (8,15);
put boulder (8,16);
put boulder (8,17);
put boulder (8,18);
put boulder (8,19);
put boulder (8,20);
put emerald (8,21);
put boulder (8,22);
put boulder (8,23);
put boulder (8,24);
put boulder (8,25);
put boulder (8,26);
put boulder (8,27);
put boulder (8,28);
put boulder (8,29);
put boulder (8,30);
put boulder (9,1);
put emerald (9,2);
put boulder (9,3);
put boulder (9,4);
put boulder (9,5);
put boulder (9,6);
put boulder (9,7);
put boulder (9,8);
put emerald (9,9);
put boulder (9,10);
put boulder (9,11);
put boulder (9,12);
put boulder (9,13);
put boulder (9,14);
put boulder (9,15);
put boulder (9,16);
put boulder (9,17);
put boulder (9,18);
put boulder (9,19);
put boulder (9,20);
put emerald (9,21);
put boulder (9,22);
put boulder (9,23);
put boulder (9,24);
put boulder (9,25);
put boulder (9,26);
put boulder (9,27);
put boulder (9,28);
put boulder (9,29);
put boulder (9,30);
put boulder (10,1);
put emerald (10,2);
put boulder (10,3);
put boulder (10,4);
put boulder (10,5);
put boulder (10,6);
put boulder (10,7);
put boulder (10,8);
put emerald (10,9);
put boulder (10,10);
put boulder (10,11);
put boulder (10,12);
put boulder (10,13);
put boulder (10,14);
put boulder (10,15);
put boulder (10,16);
put boulder (10,17);
put boulder (10,18);
put boulder (10,19);
put boulder (10,20);
put emerald (10,21);
put boulder (10,22);
put boulder (10,23);
put boulder (10,24);
put boulder (10,25);
put boulder (10,26);
put boulder (10,27);
put boulder (10,28);
put boulder (10,29);
put boulder (10,30);
put boulder (11,1);
put emerald (11,2);
put boulder (11,3);
put boulder (11,4);
put boulder (11,5);
put boulder (11,6);
put boulder (11,7);
put boulder (11,8);
put emerald (11,9);
put boulder (11,10);
put boulder (11,11);
put boulder (11,12);
put boulder (11,13);
put boulder (11,14);
put boulder (11,15);
put boulder (11,16);
put emerald (11,17);
put emerald (11,18);
put emerald (11,19);
put emerald (11,20);
put emerald (11,21);
put boulder (11,22);
put boulder (11,23);
put boulder (11,24);
put boulder (11,25);
put boulder (11,26);
put boulder (11,27);
put boulder (11,28);
put boulder (11,29);
put boulder (11,30);
put boulder (12,1);
put emerald (12,2);
put boulder (12,3);
put boulder (12,4);
put boulder (12,5);
put boulder (12,6);
put boulder (12,7);
put boulder (12,8);
put emerald (12,9);
put boulder (12,10);
put boulder (12,11);
put boulder (12,12);
put boulder (12,13);
put boulder (12,14);
put boulder (12,15);
put boulder (12,16);
put emerald (12,17);
put boulder (12,18);
put boulder (12,19);
put boulder (12,20);
put boulder (12,21);
put boulder (12,22);
put boulder (12,23);
put boulder (12,24);
put boulder (12,25);
put boulder (12,26);
put boulder (12,27);
put boulder (12,28);
put boulder (12,29);
put boulder (12,30);
put boulder (13,1);
put emerald (13,2);
put boulder (13,3);
put boulder (13,4);
put boulder (13,5);
put boulder (13,6);
put boulder (13,7);
put boulder (13,8);
put emerald (13,9);
put boulder (13,10);
put boulder (13,11);
put boulder (13,12);
put boulder (13,13);
put boulder (13,14);
put boulder (13,15);
put boulder (13,16);
put emerald (13,17);
put boulder (13,18);
put boulder (13,19);
put boulder (13,20);
put boulder (13,21);
put boulder (13,22);
put boulder (13,23);
put boulder (13,24);
put boulder (13,25);
put boulder (13,26);
put boulder (13,27);
put boulder (13,28);
put boulder (13,29);
put boulder (13,30);
put boulder (14,1);
put emerald (14,2);
put steel (14,3);
put steel (14,4);
put steel (14,5);
put steel (14,6);
put steel (14,7);
put steel (14,8);
put emerald (14,9);
put boulder (14,10);
put boulder (14,11);
put boulder (14,12);
put boulder (14,13);
put boulder (14,14);
put boulder (14,15);
put boulder (14,16);
put emerald (14,17);
put steel (14,18);
put steel (14,19);
put steel (14,20);
put steel (14,21);
put steel (14,22);
put boulder (14,23);
put boulder (14,24);
put boulder (14,25);
put boulder (14,26);
put boulder (14,27);
put boulder (14,28);
put boulder (14,29);
put boulder (14,30);
put boulder (15,1);
put emerald (15,2);
put emerald (15,3);
put emerald (15,4);
put emerald (15,5);
put emerald (15,6);
put emerald (15,7);
put grass (15,8);
put emerald (15,9);
put boulder (15,10);
put boulder (15,11);
put boulder (15,12);
put boulder (15,13);
put boulder (15,14);
put boulder (15,15);
put boulder (15,16);
put emerald (15,17);
put emerald (15,18);
put emerald (15,19);
put emerald (15,20);
put emerald (15,21);
put emerald (15,22);
put emerald (15,23);
put emerald (15,24);
put emerald (15,25);
put emerald (15,26);
put boulder (15,27);
put boulder (15,28);
put boulder (15,29);
put boulder (15,30);
put boulder (16,1);
put sapphire (16,2);
put boulder (16,3);
put boulder (16,4);
put boulder (16,5);
put boulder (16,6);
put emerald (16,7);
put steel (16,8);
put steel (16,9);
put boulder (16,10);
put boulder (16,11);
put boulder (16,12);
put boulder (16,13);
put boulder (16,14);
put boulder (16,15);
put boulder (16,16);
put boulder (16,17);
put boulder (16,18);
put boulder (16,19);
put boulder (16,20);
put boulder (16,21);
put boulder (16,22);
put boulder (16,23);
put boulder (16,24);
put boulder (16,25);
put emerald (16,26);
put boulder (16,27);
put boulder (16,28);
put boulder (16,29);
put boulder (16,30);
put boulder (17,1);
put emerald (17,2);
put boulder (17,3);
put boulder (17,4);
put steel (17,5);
put steel (17,6);
put emerald (17,7);
put boulder (17,8);
put boulder (17,9);
put boulder (17,10);
put boulder (17,11);
put boulder (17,12);
put boulder (17,13);
put boulder (17,14);
put boulder (17,15);
put boulder (17,16);
put boulder (17,17);
put boulder (17,18);
put boulder (17,19);
put boulder (17,20);
put boulder (17,21);
put boulder (17,22);
put boulder (17,23);
put boulder (17,24);
put boulder (17,25);
put emerald (17,26);
put boulder (17,27);
put boulder (17,28);
put boulder (17,29);
put boulder (17,30);
put boulder (18,1);
put emerald (18,2);
put boulder (18,3);
put boulder (18,4);
put boulder (18,5);
put boulder (18,6);
put emerald (18,7);
put boulder (18,8);
put boulder (18,9);
put boulder (18,10);
put boulder (18,11);
put boulder (18,12);
put boulder (18,13);
put boulder (18,14);
put boulder (18,15);
put boulder (18,16);
put boulder (18,17);
put boulder (18,18);
put boulder (18,19);
put boulder (18,20);
put boulder (18,21);
put boulder (18,22);
put boulder (18,23);
put boulder (18,24);
put boulder (18,25);
put emerald (18,26);
put boulder (18,27);
put boulder (18,28);
put boulder (18,29);
put boulder (18,30);
put boulder (19,1);
put emerald (19,2);
put boulder (19,3);
put boulder (19,4);
put boulder (19,5);
put boulder (19,6);
put emerald (19,7);
put boulder (19,8);
put boulder (19,9);
put boulder (19,10);
put boulder (19,11);
put emerald (19,12);
put emerald (19,13);
put emerald (19,14);
put emerald (19,15);
put emerald (19,16);
put emerald (19,17);
put boulder (19,18);
put boulder (19,19);
put boulder (19,20);
put boulder (19,21);
put boulder (19,22);
put boulder (19,23);
put boulder (19,24);
put boulder (19,25);
put emerald (19,26);
put boulder (19,27);
put boulder (19,28);
put boulder (19,29);
put boulder (19,30);
put boulder (20,1);
put emerald (20,2);
put boulder (20,3);
put boulder (20,4);
put boulder (20,5);
put boulder (20,6);
put emerald (20,7);
put boulder (20,8);
put boulder (20,9);
put boulder (20,10);
put boulder (20,11);
put emerald (20,12);
put boulder (20,13);
put boulder (20,14);
put boulder (20,15);
put steel (20,16);
put emerald (20,17);
put boulder (20,18);
put boulder (20,19);
put boulder (20,20);
put boulder (20,21);
put boulder (20,22);
put boulder (20,23);
put boulder (20,24);
put boulder (20,25);
put emerald (20,26);
put boulder (20,27);
put boulder (20,28);
put boulder (20,29);
put boulder (20,30);
put boulder (21,1);
put emerald (21,2);
put boulder (21,3);
put boulder (21,4);
put boulder (21,5);
put boulder (21,6);
put emerald (21,7);
put boulder (21,8);
put boulder (21,9);
put boulder (21,10);
put boulder (21,11);
put emerald (21,12);
put boulder (21,13);
put boulder (21,14);
put boulder (21,15);
put steel (21,16);
put emerald (21,17);
put boulder (21,18);
put boulder (21,19);
put boulder (21,20);
put boulder (21,21);
put boulder (21,22);
put boulder (21,23);
put boulder (21,24);
put boulder (21,25);
put emerald (21,26);
put boulder (21,27);
put boulder (21,28);
put boulder (21,29);
put boulder (21,30);
put boulder (22,1);
put emerald (22,2);
put boulder (22,3);
put boulder (22,4);
put boulder (22,5);
put boulder (22,6);
put emerald (22,7);
put boulder (22,8);
put boulder (22,9);
put boulder (22,10);
put boulder (22,11);
put emerald (22,12);
put boulder (22,13);
put boulder (22,14);
put boulder (22,15);
put boulder (22,16);
put emerald (22,17);
put emerald (22,18);
put emerald (22,19);
put emerald (22,20);
put emerald (22,21);
put emerald (22,22);
put emerald (22,23);
put emerald (22,24);
put emerald (22,25);
put emerald (22,26);
put boulder (22,27);
put boulder (22,28);
put boulder (22,29);
put boulder (22,30);
put boulder (23,1);
put emerald (23,2);
put emerald (23,3);
put emerald (23,4);
put emerald (23,5);
put emerald (23,6);
put emerald (23,7);
put boulder (23,8);
put boulder (23,9);
put boulder (23,10);
put boulder (23,11);
put emerald (23,12);
put boulder (23,13);
put boulder (23,14);
put boulder (23,15);
put boulder (23,16);
put boulder (23,17);
put boulder (23,18);
put boulder (23,19);
put boulder (23,20);
put boulder (23,21);
put boulder (23,22);
put boulder (23,23);
put boulder (23,24);
put boulder (23,25);
put boulder (23,26);
put boulder (23,27);
put boulder (23,28);
put boulder (23,29);
put boulder (23,30);
put boulder (24,1);
put boulder (24,2);
put boulder (24,3);
put boulder (24,4);
put boulder (24,5);
put boulder (24,6);
put boulder (24,7);
put boulder (24,8);
put boulder (24,9);
put boulder (24,10);
put boulder (24,11);
put emerald (24,12);
put boulder (24,13);
put boulder (24,14);
put boulder (24,15);
put boulder (24,16);
put boulder (24,17);
put boulder (24,18);
put boulder (24,19);
put boulder (24,20);
put boulder (24,21);
put boulder (24,22);
put boulder (24,23);
put boulder (24,24);
put boulder (24,25);
put boulder (24,26);
put boulder (24,27);
put boulder (24,28);
put boulder (24,29);
put boulder (24,30);
put boulder (25,1);
put boulder (25,2);
put boulder (25,3);
put boulder (25,4);
put boulder (25,5);
put boulder (25,6);
put boulder (25,7);
put boulder (25,8);
put boulder (25,9);
put boulder (25,10);
put boulder (25,11);
put emerald (25,12);
put boulder (25,13);
put boulder (25,14);
put boulder (25,15);
put boulder (25,16);
put boulder (25,17);
put boulder (25,18);
put boulder (25,19);
put boulder (25,20);
put boulder (25,21);
put boulder (25,22);
put boulder (25,23);
put boulder (25,24);
put boulder (25,25);
put boulder (25,26);
put boulder (25,27);
put boulder (25,28);
put boulder (25,29);
put boulder (25,30);
put boulder (26,1);
put boulder (26,2);
put boulder (26,3);
put boulder (26,4);
put exit (26,5);
put boulder (26,6);
put boulder (26,7);
put boulder (26,8);
put boulder (26,9);
put boulder (26,10);
put boulder (26,11);
put emerald (26,12);
put boulder (26,13);
put boulder (26,14);
put boulder (26,15);
put boulder (26,16);
put boulder (26,17);
put boulder (26,18);
put boulder (26,19);
put boulder (26,20);
put boulder (26,21);
put boulder (26,22);
put boulder (26,23);
put boulder (26,24);
put boulder (26,25);
put boulder (26,26);
put boulder (26,27);
put boulder (26,28);
put boulder (26,29);
put boulder (26,30);
put boulder (27,1);
put boulder (27,2);
put boulder (27,3);
put boulder (27,4);
put grass (27,5);
put boulder (27,6);
put boulder (27,7);
put boulder (27,8);
put boulder (27,9);
put boulder (27,10);
put boulder (27,11);
put emerald (27,12);
put emerald (27,13);
put emerald (27,14);
put emerald (27,15);
put emerald (27,16);
put emerald (27,17);
put emerald (27,18);
put emerald (27,19);
put emerald (27,20);
put emerald (27,21);
put emerald (27,22);
put emerald (27,23);
put emerald (27,24);
put emerald (27,25);
put emerald (27,26);
put emerald (27,27);
put emerald (27,28);
put emerald (27,29);
put boulder (27,30);
put boulder (28,1);
put boulder (28,2);
put boulder (28,3);
put boulder (28,4);
put grass (28,5);
put boulder (28,6);
put boulder (28,7);
put boulder (28,8);
put boulder (28,9);
put boulder (28,10);
put boulder (28,11);
put boulder (28,12);
put boulder (28,13);
put boulder (28,14);
put boulder (28,15);
put boulder (28,16);
put boulder (28,17);
put boulder (28,18);
put boulder (28,19);
put boulder (28,20);
put boulder (28,21);
put boulder (28,22);
put boulder (28,23);
put boulder (28,24);
put boulder (28,25);
put boulder (28,26);
put boulder (28,27);
put boulder (28,28);
put emerald (28,29);
put boulder (28,30);
put boulder (29,1);
put boulder (29,2);
put boulder (29,3);
put boulder (29,4);
put emerald (29,5);
put boulder (29,6);
put boulder (29,7);
put boulder (29,8);
put boulder (29,9);
put boulder (29,10);
put boulder (29,11);
put boulder (29,12);
put boulder (29,13);
put boulder (29,14);
put boulder (29,15);
put boulder (29,16);
put boulder (29,17);
put boulder (29,18);
put boulder (29,19);
put boulder (29,20);
put boulder (29,21);
put boulder (29,22);
put boulder (29,23);
put boulder (29,24);
put boulder (29,25);
put boulder (29,26);
put boulder (29,27);
put boulder (29,28);
put emerald (29,29);
put boulder (29,30);
put boulder (30,1);
put boulder (30,2);
put boulder (30,3);
put boulder (30,4);
put emerald (30,5);
put emerald (30,6);
put emerald (30,7);
put emerald (30,8);
put emerald (30,9);
put emerald (30,10);
put emerald (30,11);
put emerald (30,12);
put emerald (30,13);
put emerald (30,14);
put emerald (30,15);
put emerald (30,16);
put emerald (30,17);
put emerald (30,18);
put emerald (30,19);
put emerald (30,20);
put emerald (30,21);
put emerald (30,22);
put emerald (30,23);
put emerald (30,24);
put emerald (30,25);
put emerald (30,26);
put emerald (30,27);
put emerald (30,28);
put emerald (30,29);
put boulder (30,30);
write;
view;

set minscore "auto";
